Command: /root/.espressif/python_env/idf6.0_py3.10_env/bin/python /root/esp/esp-idf/tools/idf_monitor.py -p /dev/ttyUSB0 -b 115200 --toolchain-prefix xtensa-esp32-elf- --target esp32 --revision 0 /root/leak_detector_liquid_level_ws/leak_detector/build/leak_detector.elf /root/leak_detector_liquid_level_ws/leak_detector/build/bootloader/bootloader.elf -m '/root/.espressif/python_env/idf6.0_py3.10_env/bin/python' '/root/esp/esp-idf/tools/idf.py'
=00024h (    36) load
[0;32mI (174) boot: Loaded app from partition at ï¿½ets Jul 29 2019 12:21:46[0m

rst:0x1 (POWERON_RESET),boot:0x13 (SPI_FAST_FLASH_BOOT)
configsip: 0, SPIWP:0xee
clk_drv:0x00,q_drv:0x00,d_drv:0x00,cs0_drv:0x00,hd_drv:0x00,wp_drv:0x00
mode:DIO, clock div:2
load:0x3fff0030,len:6372
load:0x40078000,len:15920
ho 0 tail 12 room 4
load:0x40080400,len:3880
entry 0x40080638
[0;32mI (32) boot: ESP-IDF v6.0-dev-1489-g4e036983a7-dirty 2nd stage bootloader[0m
[0;32mI (32) boot: compile time Aug 19 2025 19:47:21[0m
[0;32mI (32) boot: Multicore bootloader[0m
[0;32mI (35) boot: chip revision: v3.1[0m
[0;32mI (38) boot.esp32: SPI Speed      : 40MHz[0m
[0;32mI (41) boot.esp32: SPI Mode       : DIO[0m
[0;32mI (45) boot.esp32: SPI Flash Size : 4MB[0m
[0;32mI (49) boot: Enabling RNG early entropy source...[0m
[0;32mI (53) boot: Partition Table:[0m
[0;32mI (56) boot: ## Label            Usage          Type ST Offset   Length[0m
[0;32mI (62) boot:  0 nvs              WiFi data        01 02 00009000 00006000[0m
[0;32mI (68) boot:  1 phy_init         RF data          01 01 0000f000 00001000[0m
[0;32mI (75) boot:  2 factory          factory app      00 00 00010000 00100000[0m
[0;32mI (82) boot: End of partition table[0m
[0;32mI (85) esp_image: segment 0: paddr=00010020 vaddr=3f400020 size=0a9e4h ( 43492) map[0m
[0;32mI (108) esp_image: segment 1: paddr=0001aa0c vaddr=3ffb0000 size=02794h ( 10132) load[0m
[0;32mI (112) esp_image: segment 2: paddr=0001d1a8 vaddr=40080000 size=02e70h ( 11888) load[0m
[0;32mI (117) esp_image: segment 3: paddr=00020020 vaddr=400d0020 size=14964h ( 84324) map[0m
[0;32mI (149) esp_image: segment 4: paddr=0003498c vaddr=40082e70 size=0a838h ( 43064) load[0m
[0;32mI (166) esp_image: segment 5: paddr=0003f1cc vaddr=50000000 size=00024h (    36) load[0m
[0;32mI (174) boot: Loaded app from partition at offset 0x10000[0m
[0;32mI (174) boot: Disabling RNG early entropy source...[0m
[0;32mI (185) cpu_start: Multicore app[0m
[0;32mI (193) cpu_start: GPIO 3 and 1 are used as console UART I/O pins[0m
[0;32mI (193) cpu_start: Pro cpu start user code[0m
[0;32mI (193) cpu_start: cpu freq: 160000000 Hz[0m
[0;32mI (195) app_init: Application information:[0m
[0;32mI (199) app_init: Project name:     leak_detector[0m
[0;32mI (203) app_init: App version:      0a46474-dirty[0m
[0;32mI (208) app_init: Compile time:     Aug 19 2025 19:47:15[0m
[0;32mI (213) app_init: ELF file SHA256:  e9f0bbee7...[0m
[0;32mI (217) app_init: ESP-IDF:          v6.0-dev-1489-g4e036983a7-dirty[0m
[0;32mI (223) efuse_init: Min chip rev:     v0.0[0m
[0;32mI (227) efuse_init: Max chip rev:     v3.99 [0m
[0;32mI (231) efuse_init: Chip rev:         v3.1[0m
[0;32mI (235) heap_init: Initializing. RAM available for dynamic allocation:[0m
[0;32mI (241) heap_init: At 3FFAE6E0 len 00001920 (6 KiB): DRAM[0m
[0;32mI (246) heap_init: At 3FFB3098 len 0002CF68 (179 KiB): DRAM[0m
[0;32mI (251) heap_init: At 3FFE0440 len 00003AE0 (14 KiB): D/IRAM[0m
[0;32mI (257) heap_init: At 3FFE4350 len 0001BCB0 (111 KiB): D/IRAM[0m
[0;32mI (262) heap_init: At 4008D6A8 len 00012958 (74 KiB): IRAM[0m
[0;32mI (269) spi_flash: detected chip: generic[0m
[0;32mI (271) spi_flash: flash io: dio[0m
[0;32mI (275) coexist: coex firmware version: 831ec70[0m
[0;32mI (279) main_task: Started on CPU0[0m
[0;32mI (289) main_task: Calling app_main()[0m
[0;32mI (289) MAIN: Starting Toilet Leak Detector...[0m
[0;32mI (289) LEAK_SENSOR: Using Line Fitting Calibration[0m
[0;32mI (289) LEAK_SENSOR: Liquid level sensor initialized[0m
[0;32mI (289) MAIN: Liquid level sensor initialized[0m
[0;32mI (299) MAIN: Sensor monitoring task started[0m
[0;32mI (299) MAIN: Sensor Voltage: 142mV[0m
[0;32mI (309) MAIN: All tasks created successfully[0m
[0;32mI (309) main_task: Returned from app_main()[0m
[0;32mI (1809) MAIN: Sensor Voltage: 142mV[0m
[0;32mI (3309) MAIN: Sensor Voltage: 1686mV[0m
[0;32mI (4809) MAIN: Sensor Voltage: 1994mV[0m
[0;32mI (6309) MAIN: Sensor Voltage: 1915mV[0m
[0;32mI (7809) MAIN: Sensor Voltage: 1837mV[0m
[0;32mI (9309) MAIN: Sensor Voltage: 1817mV[0m
[0;32mI (10809) MAIN: Sensor Voltage: 1810mV[0m
[0;32mI (12309) MAIN: Sensor Voltage: 1758mV[0m
[0;32mI (13809) MAIN: Sensor Voltage: 1797mV[0m
[0;32mI (15309) MAIN: Sensor Voltage: 1797mV[0m
[0;32mI (16809) MAIN: Sensor Voltage: 1837mV[0m
[0;32mI (18309) MAIN: Sensor Voltage: 1810mV[0m
[0;32mI (19809) MAIN: Sensor Voltage: 1731mV[0m
[0;32mI (21309) MAIN: Sensor Voltage: 1758mV[0m
[0;32mI (22809) MAIN: Sensor Voltage: 1804mV[0m
[0;32mI (24309) MAIN: Sensor Voltage: 1745mV[0m
[0;32mI (25809) MAIN: Sensor Voltage: 1758mV[0m
[0;32mI (27309) MAIN: Sensor Voltage: 1784mV[0m
[0;32mI (28809) MAIN: Sensor Voltage: 1745mV[0m
[0;32mI (30309) MAIN: Sensor Voltage: 1784mV[0m
[0;32mI (31809) MAIN: Sensor Voltage: 1751mV[0m
[0;32mI (33309) MAIN: Sensor Voltage: 1751mV[0m
[0;32mI (34809) MAIN: Sensor Voltage: 1771mV[0m
[0;32mI (36309) MAIN: Sensor Voltage: 1186mV[0m
[0;32mI (37809) MAIN: Sensor Voltage: 871mV[0m
[0;32mI (39309) MAIN: Sensor Voltage: 746mV[0m
[0;32mI (40809) MAIN: Sensor Voltage: 1738mV[0m
[0;32mI (42309) MAIN: Sensor Voltage: 1738mV[0m
[0;32mI (43809) MAIN: Sensor Voltage: 1731mV[0m
[0;32mI (45309) MAIN: Sensor Voltage: 1731mV[0m
[0;32mI (46809) MAIN: Sensor Voltage: 1718mV[0m
[0;32mI (48309) MAIN: Sensor Voltage: 1725mV[0m
[0;32mI (49809) MAIN: Sensor Voltage: 1725mV[0m
[0;32mI (51309) MAIN: Sensor Voltage: 1718mV[0m
[0;32mI (52809) MAIN: Sensor Voltage: 1692mV[0m
[0;32mI (54309) MAIN: Sensor Voltage: 1692mV[0m
[0;32mI (55809) MAIN: Sensor Voltage: 1640mV[0m
[0;32mI (57309) MAIN: Sensor Voltage: 1002mV[0m
[0;32mI (58809) MAIN: Sensor Voltage: 956mV[0m
[0;32mI (60309) MAIN: Sensor Voltage: 1587mV[0m
[0;32mI (61809) MAIN: Sensor Voltage: 1613mV[0m
[0;32mI (63309) MAIN: Sensor Voltage: 1423mV[0m
[0;32mI (64809) MAIN: Sensor Voltage: 1390mV[0m
[0;32mI (66309) MAIN: Sensor Voltage: 786mV[0m
[0;32mI (67809) MAIN: Sensor Voltage: 681mV[0m
[0;32mI (69309) MAIN: Sensor Voltage: 621mV[0m
[0;32mI (70809) MAIN: Sensor Voltage: 549mV[0m
[0;32mI (72309) MAIN: Sensor Voltage: 1620mV[0m
[0;32mI (73809) MAIN: Sensor Voltage: 1646mV[0m
[0;32mI (75309) MAIN: Sensor Voltage: 1390mV[0m
[0;32mI (76809) MAIN: Sensor Voltage: 523mV[0m
[0;32mI (78309) MAIN: Sensor Voltage: 392mV[0m
[0;32mI (79809) MAIN: Sensor Voltage: 1705mV[0m
[0;32mI (81309) MAIN: Sensor Voltage: 1180mV[0m
[0;32mI (82809) MAIN: Sensor Voltage: 1101mV[0m
[0;32mI (84309) MAIN: Sensor Voltage: 1127mV[0m
[0;32mI (85809) MAIN: Sensor Voltage: 1127mV[0m
[0;32mI (87309) MAIN: Sensor Voltage: 1101mV[0m
[0;32mI (88809) MAIN: Sensor Voltage: 339mV[0m
[0;32mI (90309) MAIN: Sensor Voltage: 254mV[0m
[0;32mI (91809) MAIN: Sensor Voltage: 247mV[0m
[0;32mI (93309) MAIN: Sensor Voltage: 221mV[0m
[0;32mI (94809) MAIN: Sensor Voltage: 1193mV[0m
[0;32mI (96309) MAIN: Sensor Voltage: 1653mV[0m
[0;32mI (97809) MAIN: Sensor Voltage: 1699mV[0m
[0;32mI (99309) MAIN: Sensor Voltage: 1725mV[0m
[0;32mI (100809) MAIN: Sensor Voltage: 1679mV[0m
[0;32mI (102309) MAIN: Sensor Voltage: 1442mV[0m
[0;32mI (103809) MAIN: Sensor Voltage: 1029mV[0m
[0;32mI (105309) MAIN: Sensor Voltage: 332mV[0m
[0;32mI (106809) MAIN: Sensor Voltage: 1213mV[0m
[0;32mI (108309) MAIN: Sensor Voltage: 1613mV[0m
[0;32mI (109809) MAIN: Sensor Voltage: 1653mV[0m
[0;32mI (111309) MAIN: Sensor Voltage: 1672mV[0m
[0;32mI (112809) MAIN: Sensor Voltage: 1672mV[0m
[0;32mI (114309) MAIN: Sensor Voltage: 1679mV[0m
[0;32mI (115809) MAIN: Sensor Voltage: 1633mV[0m
[0;32mI (117309) MAIN: Sensor Voltage: 1594mV[0m
[0;32mI (118809) MAIN: Sensor Voltage: 1620mV[0m
[0;32mI (120309) MAIN: Sensor Voltage: 970mV[0m
[0;32mI (121809) MAIN: Sensor Voltage: 759mV[0m
[0;32mI (123309) MAIN: Sensor Voltage: 1383mV[0m
[0;32mI (124809) MAIN: Sensor Voltage: 142mV[0m
[0;32mI (126309) MAIN: Sensor Voltage: 1850mV[0m
[0;32mI (127809) MAIN: Sensor Voltage: 1863mV[0m
[0;32mI (129309) MAIN: Sensor Voltage: 1817mV[0m
[0;32mI (130809) MAIN: Sensor Voltage: 1797mV[0m
[0;32mI (132309) MAIN: Sensor Voltage: 1804mV[0m
[0;32mI (133809) MAIN: Sensor Voltage: 1837mV[0m
[0;32mI (135309) MAIN: Sensor Voltage: 1751mV[0m
[0;32mI (136809) MAIN: Sensor Voltage: 1751mV[0m
[0;32mI (138309) MAIN: Sensor Voltage: 1758mV[0m
[0;32mI (139809) MAIN: Sensor Voltage: 1692mV[0m
[0;32mI (141309) MAIN: Sensor Voltage: 970mV[0m
[0;32mI (142809) MAIN: Sensor Voltage: 556mV[0m
[0;32mI (144309) MAIN: Sensor Voltage: 595mV[0m
[0;32mI (145809) MAIN: Sensor Voltage: 556mV[0m
[0;32mI (147309) MAIN: Sensor Voltage: 635mV[0m
[0;32mI (148809) MAIN: Sensor Voltage: 621mV[0m
